Wee are tze råbåts.

Bleep-blip-blip-bleeep.

Bzzzzzoing.

__________________
Windows PowerShell
Copyright (C) Microsoft Corporation. All rights reserved.

PS H:\> cd C:\Users\72marnil\Desktop\Git\GitSkola_1
PS C:\Users\72marnil\Desktop\Git\GitSkola_1>
PS C:\Users\72marnil\Desktop\Git\GitSkola_1> git init
Initialized empty Git repository in C:/Users/72marnil/Desktop/Git/GitSkola_1/.git/
PS C:\Users\72marnil\Desktop\Git\GitSkola_1> git status
On branch master

No commits yet

nothing to commit (create/copy files and use "git add" to track)
PS C:\Users\72marnil\Desktop\Git\GitSkola_1> git status
On branch master

No commits yet

Untracked files:
  (use "git add <file>..." to include in what will be committed)

        GitSkola.txt

nothing added to commit but untracked files present (use "git add" to track)
PS C:\Users\72marnil\Desktop\Git\GitSkola_1> git add GitSkola.txt
PS C:\Users\72marnil\Desktop\Git\GitSkola_1> git status
On branch master

No commits yet

Changes to be committed:
  (use "git rm --cached <file>..." to unstage)

        new file:   GitSkola.txt

PS C:\Users\72marnil\Desktop\Git\GitSkola_1> git commit -m "Min första Git-commit!"
[master (root-commit) f72cdda] Min första Git-commit!
 1 file changed, 1 insertion(+)
 create mode 100644 GitSkola.txt
PS C:\Users\72marnil\Desktop\Git\GitSkola_1> git log --online
fatal: unrecognized argument: --online
PS C:\Users\72marnil\Desktop\Git\GitSkola_1> git log --oneline
f72cdda (HEAD -> master) Min f<C3><B6>rsta Git-commit!
PS C:\Users\72marnil\Desktop\Git\GitSkola_1> git status
On branch master
Changes not staged for commit:
  (use "git add <file>..." to update what will be committed)
  (use "git checkout -- <file>..." to discard changes in working directory)

        modified:   GitSkola.txt

no changes added to commit (use "git add" and/or "git commit -a")
PS C:\Users\72marnil\Desktop\Git\GitSkola_1> git commit -a -m "Uppdatering 1.1"
[master baa69db] Uppdatering 1.1
 1 file changed, 3 insertions(+), 1 deletion(-)
PS C:\Users\72marnil\Desktop\Git\GitSkola_1> git log --oneline
baa69db (HEAD -> master) Uppdatering 1.1
f72cdda Min f<C3><B6>rsta Git-commit!
PS C:\Users\72marnil\Desktop\Git\GitSkola_1> git remote add origin https://github.com/Mmm-Martin/GitSkola_1.git
>> git push -u origin master
fatal: unable to access 'https://github.com/Mmm-Martin/GitSkola_1.git/': SSL certificate problem: self signed certificate in certificate chain
PS C:\Users\72marnil\Desktop\Git\GitSkola_1> git push -u origin master
fatal: unable to access 'https://github.com/Mmm-Martin/GitSkola_1.git/': SSL certificate problem: self signed certificate in certificate chain
PS C:\Users\72marnil\Desktop\Git\GitSkola_1>

PS C:\Users\72marnil\Desktop\Git\GitSkola_1> git config --global.sslVerify.false
error: unknown option `global.sslVerify.false'
usage: git config [<options>]

Config file location
    --global              use global config file
    --system              use system config file
    --local               use repository config file
    -f, --file <file>     use given config file
    --blob <blob-id>      read config from given blob object

Action
    --get                 get value: name [value-regex]
    --get-all             get all values: key [value-regex]
    --get-regexp          get values for regexp: name-regex [value-regex]
    --get-urlmatch        get value specific for the URL: section[.var] URL
    --replace-all         replace all matching variables: name value [value_regex]
    --add                 add a new variable: name value
    --unset               remove a variable: name [value-regex]
    --unset-all           remove all matches: name [value-regex]
    --rename-section      rename section: old-name new-name
    --remove-section      remove a section: name
    -l, --list            list all
    -e, --edit            open an editor
    --get-color           find the color configured: slot [default]
    --get-colorbool       find the color setting: slot [stdout-is-tty]

Type
    -t, --type <>         value is given this type
    --bool                value is "true" or "false"
    --int                 value is decimal number
    --bool-or-int         value is --bool or --int
    --path                value is a path (file or directory name)
    --expiry-date         value is an expiry date

Other
    -z, --null            terminate values with NUL byte
    --name-only           show variable names only
    --includes            respect include directives on lookup
    --show-origin         show origin of config (file, standard input, blob, command line)
    --default <value>     with --get, use default value when missing entry

PS C:\Users\72marnil\Desktop\Git\GitSkola_1> git remote add origin https://github.com/Mmm-Martin/GitSkola_1.git
>> git push -u origin master
fatal: remote origin already exists.
fatal: unable to access 'https://github.com/Mmm-Martin/GitSkola_1.git/': SSL certificate problem: self signed certificate in certificate chain
PS C:\Users\72marnil\Desktop\Git\GitSkola_1> git push -u origin master
fatal: unable to access 'https://github.com/Mmm-Martin/GitSkola_1.git/': SSL certificate problem: self signed certificate in certificate chain
PS C:\Users\72marnil\Desktop\Git\GitSkola_1> git config --global http.sslVerify false
PS C:\Users\72marnil\Desktop\Git\GitSkola_1> git push -u origin master
Enumerating objects: 6, done.
Counting objects: 100% (6/6), done.
Delta compression using up to 4 threads
Compressing objects: 100% (2/2), done.
Writing objects: 100% (6/6), 489 bytes | 163.00 KiB/s, done.
Total 6 (delta 1), reused 0 (delta 0)
remote: Resolving deltas: 100% (1/1), done.
remote:
remote: Create a pull request for 'master' on GitHub by visiting:
remote:      https://github.com/Mmm-Martin/GitSkola_1/pull/new/master
remote:
To https://github.com/Mmm-Martin/GitSkola_1.git
 * [new branch]      master -> master
Branch 'master' set up to track remote branch 'master' from 'origin'.
PS C:\Users\72marnil\Desktop\Git\GitSkola_1> git push -u origin master
Everything up-to-date
Branch 'master' set up to track remote branch 'master' from 'origin'.
PS C:\Users\72marnil\Desktop\Git\GitSkola_1> git status
On branch master
Your branch is up to date with 'origin/master'.

Changes not staged for commit:
  (use "git add <file>..." to update what will be committed)
  (use "git checkout -- <file>..." to discard changes in working directory)

        modified:   GitSkola.txt

no changes added to commit (use "git add" and/or "git commit -a")
PS C:\Users\72marnil\Desktop\Git\GitSkola_1> git commit -a -m "Udatering 1.2"
[master 3c873d8] Udatering 1.2
 1 file changed, 3 insertions(+), 1 deletion(-)
PS C:\Users\72marnil\Desktop\Git\GitSkola_1> git push
Enumerating objects: 5, done.
Counting objects: 100% (5/5), done.
Delta compression using up to 4 threads
Compressing objects: 100% (2/2), done.
Writing objects: 100% (3/3), 311 bytes | 155.00 KiB/s, done.
Total 3 (delta 0), reused 0 (delta 0)
To https://github.com/Mmm-Martin/GitSkola_1.git
   baa69db..3c873d8  master -> master
PS C:\Users\72marnil\Desktop\Git\GitSkola_1>
